// Jest Snapshot v1, https://goo.gl/fbAQLP

exports[`<AddFilterButton /> spec renders popover 1`] = `
<div
  class="euiPopover euiPopover--anchorDownLeft euiPopover--withTitle"
>
  <div
    class="euiPopover__anchor"
  >
    <button
      class="euiButtonEmpty euiButtonEmpty--primary euiButtonEmpty--xSmall"
      type="button"
    >
      <span
        class="euiButtonContent euiButtonEmpty__content"
      >
        <span
          class="euiButtonEmpty__text"
        >
          + Add filter
        </span>
      </span>
    </button>
  </div>
</div>
`;

exports[`<AddFilterButton /> spec renders the component 1`] = `
<div
  class="euiPopover euiPopover--anchorDownLeft euiPopover--withTitle"
>
  <div
    class="euiPopover__anchor"
  >
    <button
      class="euiButtonEmpty euiButtonEmpty--primary euiButtonEmpty--xSmall"
      type="button"
    >
      <span
        class="euiButtonContent euiButtonEmpty__content"
      >
        <span
          class="euiButtonEmpty__text"
        >
          + Add filter
        </span>
      </span>
    </button>
  </div>
</div>
`;
