// Jest Snapshot v1, https://goo.gl/fbAQLP

exports[`test filter helper functions renders combobox 1`] = `
<div
  class="euiSpacer euiSpacer--s"
/>
`;

exports[`test filter helper functions renders combobox 2`] = `
<div
  class="euiSpacer euiSpacer--s"
/>
`;

exports[`test filter helper functions renders combobox 3`] = `
<div
  class="euiSpacer euiSpacer--s"
/>
`;

exports[`test filter helper functions renders combobox 4`] = `
<div
  class="euiSpacer euiSpacer--s"
/>
`;

exports[`test filter helper functions renders textfield 1`] = `
<div
  class="euiSpacer euiSpacer--s"
/>
`;
