// Jest Snapshot v1, https://goo.gl/fbAQLP

exports[`<Notifications /> spec renders the component 1`] = `
<div
  style="padding: 0px 25px;"
>
  <div
    class="euiFlexGroup euiFlexGroup--gutterLarge euiFlexGroup--alignItemsCenter euiFlexGroup--directionRow euiFlexGroup--responsive"
  >
    <div
      class="euiFlexItem"
    >
      <h1
        class="euiTitle euiTitle--large"
      >
        Dashboard
      </h1>
    </div>
    <div
      class="euiFlexItem euiFlexItem--flexGrowZero"
    >
      <a
        class="euiButton euiButton--primary euiButton--fill"
        data-test-subj="createChannelButton"
        href="#/channels"
        rel="noreferrer"
      >
        <span
          class="euiButtonContent euiButton__content"
        >
          <span
            class="euiButton__text"
          >
            Manage channels
          </span>
        </span>
      </a>
    </div>
  </div>
  <div
    class="euiSpacer euiSpacer--m"
  />
  <div
    class="euiFlexGroup euiFlexGroup--gutterSmall euiFlexGroup--alignItemsCenter euiFlexGroup--directionRow euiFlexGroup--responsive"
  >
    <div
      class="euiFlexItem"
    >
      <div
        class="euiFormControlLayout euiFormControlLayout--fullWidth"
      >
        <div
          class="euiFormControlLayout__childrenWrapper"
        >
          <input
            class="euiFieldSearch euiFieldSearch--fullWidth"
            data-test-subj="notifications-search-bar-input"
            placeholder="Search"
            type="search"
            value="test"
          />
          <div
            class="euiFormControlLayoutIcons"
          >
            <span
              class="euiFormControlLayoutCustomIcon"
            >
              <svg
                aria-hidden="true"
                class="euiIcon euiIcon--medium euiIcon-isLoading euiFormControlLayoutCustomIcon__icon"
                focusable="false"
                height="16"
                role="img"
                viewBox="0 0 16 16"
                width="16"
                xmlns="http://www.w3.org/2000/svg"
              />
            </span>
          </div>
        </div>
      </div>
    </div>
    <div
      class="euiFlexItem euiFlexItem--flexGrowZero"
    >
      <div
        class="euiFlexGroup euiFlexGroup--gutterSmall euiFlexGroup--directionRow euiSuperDatePicker__flexWrapper euiSuperDatePicker__flexWrapper--noUpdateButton"
      >
        <div
          class="euiFlexItem"
        >
          <div
            class="euiFormControlLayout euiFormControlLayout--group euiSuperDatePicker"
          >
            <div
              class="euiPopover euiPopover--anchorDownLeft"
              id="QuickSelectPopover"
            >
              <div
                class="euiPopover__anchor euiQuickSelectPopover__anchor"
              >
                <button
                  aria-label="Date quick select"
                  class="euiButtonEmpty euiButtonEmpty--primary euiButtonEmpty--xSmall euiFormControlLayout__prepend"
                  data-test-subj="superDatePickerToggleQuickMenuButton"
                  type="button"
                >
                  <span
                    class="euiButtonContent euiButtonContent--iconRight euiButtonEmpty__content"
                  >
                    <svg
                      aria-hidden="true"
                      class="euiIcon euiIcon--medium euiIcon-isLoading euiButtonContent__icon"
                      focusable="false"
                      height="16"
                      role="img"
                      viewBox="0 0 16 16"
                      width="16"
                      xmlns="http://www.w3.org/2000/svg"
                    />
                    <span
                      class="euiButtonEmpty__text euiQuickSelectPopover__buttonText"
                    >
                      <svg
                        aria-hidden="true"
                        class="euiIcon euiIcon--medium euiIcon-isLoading"
                        focusable="false"
                        height="16"
                        role="img"
                        viewBox="0 0 16 16"
                        width="16"
                        xmlns="http://www.w3.org/2000/svg"
                      />
                    </span>
                  </span>
                </button>
              </div>
            </div>
            <div
              class="euiFormControlLayout__childrenWrapper"
            >
              <div
                class="euiDatePickerRange euiDatePickerRange--inGroup"
              >
                <button
                  class="euiSuperDatePicker__prettyFormat"
                  data-test-subj="superDatePickerShowDatesButton"
                >
                  Last 7 days
                  <span
                    class="euiSuperDatePicker__prettyFormatLink"
                  >
                    Show dates
                  </span>
                </button>
              </div>
            </div>
          </div>
        </div>
      </div>
    </div>
    <div
      class="euiFlexItem euiFlexItem--flexGrowZero"
    >
      <button
        class="euiButton euiButton--primary"
        type="button"
      >
        <span
          class="euiButtonContent euiButton__content"
        >
          <svg
            aria-hidden="true"
            class="euiIcon euiIcon--medium euiIcon-isLoading euiButtonContent__icon"
            focusable="false"
            height="16"
            role="img"
            viewBox="0 0 16 16"
            width="16"
            xmlns="http://www.w3.org/2000/svg"
          />
          <span
            class="euiButton__text"
          >
            Refresh
          </span>
        </span>
      </button>
    </div>
  </div>
  <div
    class="euiSpacer euiSpacer--s"
  />
  <div
    class="euiFlexGroup euiFlexGroup--gutterExtraSmall euiFlexGroup--alignItemsCenter euiFlexGroup--directionRow euiFlexGroup--wrap"
    style="min-height: 32px;"
  >
    <div
      class="euiFlexItem euiFlexItem--flexGrowZero"
    >
      <div
        class="euiPopover euiPopover--anchorRightUp euiPopover--withTitle"
      >
        <div
          class="euiPopover__anchor"
        >
          <button
            aria-label="Change all filters"
            class="euiButtonIcon euiButtonIcon--primary"
            title="Change all filters"
            type="button"
          >
            <svg
              aria-hidden="true"
              class="euiIcon euiIcon--medium euiIcon-isLoading euiButtonIcon__icon"
              focusable="false"
              height="16"
              role="img"
              viewBox="0 0 16 16"
              width="16"
              xmlns="http://www.w3.org/2000/svg"
            />
          </button>
        </div>
      </div>
    </div>
    <div
      class="euiFlexItem euiFlexItem--flexGrowZero"
    >
      <div
        class="euiPopover euiPopover--anchorDownLeft euiPopover--withTitle"
      >
        <div
          class="euiPopover__anchor"
        >
          <button
            class="euiButtonEmpty euiButtonEmpty--primary euiButtonEmpty--xSmall"
            type="button"
          >
            <span
              class="euiButtonContent euiButtonEmpty__content"
            >
              <span
                class="euiButtonEmpty__text"
              >
                + Add filter
              </span>
            </span>
          </button>
        </div>
      </div>
    </div>
  </div>
  <div
    class="euiSpacer euiSpacer--l"
  />
  <div
    class="euiPanel euiPanel--paddingMedium"
  >
    <div
      class="euiFlexGroup euiFlexGroup--gutterLarge euiFlexGroup--alignItemsCenter euiFlexGroup--justifyContentSpaceBetween euiFlexGroup--directionRow euiFlexGroup--responsive"
      style="padding: 0px 0px;"
    >
      <div
        class="euiFlexItem"
      >
        <h3
          class="euiTitle euiTitle--medium"
        >
          Notification history
        </h3>
      </div>
    </div>
    <hr
      class="euiHorizontalRule euiHorizontalRule--full euiHorizontalRule--marginSmall"
    />
    <div
      style="padding: initial;"
    >
      <div
        class="euiBasicTable euiBasicTable-loading"
      >
        <div>
          <div
            class="euiTableHeaderMobile"
          >
            <div
              class="euiFlexGroup euiFlexGroup--gutterLarge euiFlexGroup--alignItemsBaseline euiFlexGroup--justifyContentSpaceBetween euiFlexGroup--directionRow"
            >
              <div
                class="euiFlexItem euiFlexItem--flexGrowZero"
              />
              <div
                class="euiFlexItem euiFlexItem--flexGrowZero"
              >
                <div
                  class="euiTableSortMobile"
                >
                  <div
                    class="euiPopover euiPopover--anchorDownRight"
                  >
                    <div
                      class="euiPopover__anchor"
                    >
                      <button
                        class="euiButtonEmpty euiButtonEmpty--primary euiButtonEmpty--xSmall euiButtonEmpty--flushRight"
                        type="button"
                      >
                        <span
                          class="euiButtonContent euiButtonContent--iconRight euiButtonEmpty__content"
                        >
                          <svg
                            aria-hidden="true"
                            class="euiIcon euiIcon--medium euiIcon-isLoading euiButtonContent__icon"
                            focusable="false"
                            height="16"
                            role="img"
                            viewBox="0 0 16 16"
                            width="16"
                            xmlns="http://www.w3.org/2000/svg"
                          />
                          <span
                            class="euiButtonEmpty__text"
                          >
                            Sorting
                          </span>
                        </span>
                      </button>
                    </div>
                  </div>
                </div>
              </div>
            </div>
          </div>
          <table
            class="euiTable euiTable--responsive euiTable--auto"
            id="random_html_id"
            tabindex="-1"
          >
            <caption
              class="euiScreenReaderOnly euiTableCaption"
            />
            <thead>
              <tr>
                <th
                  aria-live="polite"
                  aria-sort="none"
                  class="euiTableHeaderCell"
                  data-test-subj="tableHeaderCell_event_source.title_0"
                  role="columnheader"
                  scope="col"
                >
                  <button
                    class="euiTableHeaderButton"
                    data-test-subj="tableHeaderSortButton"
                    type="button"
                  >
                    <span
                      class="euiTableCellContent"
                    >
                      <span
                        class="euiTableCellContent__text"
                        title="Notification"
                      >
                        Notification
                      </span>
                      <span
                        class="euiScreenReaderOnly"
                      >
                        Click to sort in ascending order
                      </span>
                    </span>
                  </button>
                </th>
                <th
                  aria-live="polite"
                  aria-sort="none"
                  class="euiTableHeaderCell"
                  data-test-subj="tableHeaderCell_event_source.feature_1"
                  role="columnheader"
                  scope="col"
                >
                  <button
                    class="euiTableHeaderButton"
                    data-test-subj="tableHeaderSortButton"
                    type="button"
                  >
                    <span
                      class="euiTableCellContent"
                    >
                      <span
                        class="euiTableCellContent__text"
                        title="Source type"
                      >
                        Source type
                      </span>
                      <span
                        class="euiScreenReaderOnly"
                      >
                        Click to sort in ascending order
                      </span>
                    </span>
                  </button>
                </th>
                <th
                  aria-live="polite"
                  aria-sort="none"
                  class="euiTableHeaderCell"
                  data-test-subj="tableHeaderCell_event_source.severity_2"
                  role="columnheader"
                  scope="col"
                >
                  <button
                    class="euiTableHeaderButton"
                    data-test-subj="tableHeaderSortButton"
                    type="button"
                  >
                    <span
                      class="euiTableCellContent"
                    >
                      <span
                        class="euiTableCellContent__text"
                        title="Severity"
                      >
                        Severity
                      </span>
                      <span
                        class="euiScreenReaderOnly"
                      >
                        Click to sort in ascending order
                      </span>
                    </span>
                  </button>
                </th>
                <th
                  aria-live="polite"
                  aria-sort="descending"
                  class="euiTableHeaderCell"
                  data-test-subj="tableHeaderCell_last_updated_time_ms_3"
                  role="columnheader"
                  scope="col"
                >
                  <button
                    class="euiTableHeaderButton euiTableHeaderButton-isSorted"
                    data-test-subj="tableHeaderSortButton"
                    type="button"
                  >
                    <span
                      class="euiTableCellContent"
                    >
                      <span
                        class="euiTableCellContent__text"
                        title="Time sent; Sorted in descending order"
                      >
                        Time sent
                      </span>
                      <svg
                        aria-hidden="true"
                        aria-label="Sorted in descending order"
                        class="euiIcon euiIcon--medium euiIcon-isLoading euiTableSortIcon"
                        focusable="false"
                        height="16"
                        role="img"
                        viewBox="0 0 16 16"
                        width="16"
                        xmlns="http://www.w3.org/2000/svg"
                      />
                      <span
                        class="euiScreenReaderOnly"
                      >
                        Click to sort in ascending order
                      </span>
                    </span>
                  </button>
                </th>
                <th
                  class="euiTableHeaderCell"
                  data-test-subj="tableHeaderCell_success_4"
                  role="columnheader"
                  scope="col"
                >
                  <div
                    class="euiTableCellContent"
                  >
                    <span
                      class="euiTableCellContent__text"
                      title="Sent status"
                    >
                      Sent status
                    </span>
                  </div>
                </th>
                <th
                  class="euiTableHeaderCell"
                  data-test-subj="tableHeaderCell_status_list_5"
                  role="columnheader"
                  scope="col"
                >
                  <div
                    class="euiTableCellContent"
                  >
                    <span
                      class="euiTableCellContent__text"
                      title="Channels"
                    >
                      Channels
                    </span>
                  </div>
                </th>
                <th
                  class="euiTableHeaderCell"
                  data-test-subj="tableHeaderCell_status_list_6"
                  role="columnheader"
                  scope="col"
                >
                  <div
                    class="euiTableCellContent"
                  >
                    <span
                      class="euiTableCellContent__text"
                      title="Channel types"
                    >
                      Channel types
                    </span>
                  </div>
                </th>
              </tr>
            </thead>
            <tbody>
              <tr
                class="euiTableRow"
              >
                <td
                  class="euiTableRowCell euiTableRowCell--isMobileFullWidth"
                  colspan="7"
                >
                  <div
                    class="euiTableCellContent euiTableCellContent--alignCenter"
                  >
                    <span
                      class="euiTableCellContent__text"
                    >
                      No items found
                    </span>
                  </div>
                </td>
              </tr>
            </tbody>
          </table>
        </div>
      </div>
    </div>
  </div>
</div>
`;
