// Jest Snapshot v1, https://goo.gl/fbAQLP

exports[`<ContentPanelActions /> spec renders the component 1`] = `
<div
  class="euiFlexGroup euiFlexGroup--gutterLarge euiFlexGroup--alignItemsCenter euiFlexGroup--justifyContentSpaceBetween euiFlexGroup--directionRow euiFlexGroup--responsive"
>
  <div
    class="euiFlexItem euiFlexItem--flexGrowZero"
  >
    ContentPanelActions
  </div>
</div>
`;
